current directory: /Users/prudhvimaguluru/Documents/eval_rails/vendor/bundle/ruby/4.0.0/gems/date-3.5.1/ext/date
/opt/homebrew/opt/ruby/bin/ruby extconf.rb
checking for rb_category_warn()... yes
checking for timezone in time.h with -Werror... yes
checking for altzone in time.h with -Werror... no
creating Makefile

current directory: /Users/prudhvimaguluru/Documents/eval_rails/vendor/bundle/ruby/4.0.0/gems/date-3.5.1/ext/date
make DESTDIR\= sitearchdir\=./.gem.20260908-7970-vpb8ry sitelibdir\=./.gem.20260908-7970-vpb8ry clean

current directory: /Users/prudhvimaguluru/Documents/eval_rails/vendor/bundle/ruby/4.0.0/gems/date-3.5.1/ext/date
make DESTDIR\= sitearchdir\=./.gem.20260908-7970-vpb8ry sitelibdir\=./.gem.20260908-7970-vpb8ry
compiling date_core.c
compiling date_parse.c
compiling date_strftime.c
compiling date_strptime.c
linking shared-object date_core.bundle
ld: warning: search path '/opt/homebrew/Cellar/openssl@3/3.6.3/lib' not found

current directory: /Users/prudhvimaguluru/Documents/eval_rails/vendor/bundle/ruby/4.0.0/gems/date-3.5.1/ext/date
make DESTDIR\= sitearchdir\=./.gem.20260908-7970-vpb8ry sitelibdir\=./.gem.20260908-7970-vpb8ry install
/usr/bin/install -c -m 0755 date_core.bundle ./.gem.20260908-7970-vpb8ry

current directory: /Users/prudhvimaguluru/Documents/eval_rails/vendor/bundle/ruby/4.0.0/gems/date-3.5.1/ext/date
make DESTDIR\= sitearchdir\=./.gem.20260908-7970-vpb8ry sitelibdir\=./.gem.20260908-7970-vpb8ry clean
