current directory: /Users/prudhvimaguluru/Documents/eval_rails/vendor/bundle/ruby/4.0.0/gems/puma-8.0.2/ext/puma_http11
/opt/homebrew/opt/ruby/bin/ruby extconf.rb
checking for BIO_read() in -llibcrypto... no
checking for BIO_read() in -lcrypto... yes
checking for SSL_CTX_new() in -lssl... yes
checking for openssl/bio.h... yes

──── Below are yes for 1.0.2 & later ────
checking for DTLS_method() in openssl/ssl.h... yes
checking for SSL_CTX_set_session_cache_mode(NULL, 0) in openssl/ssl.h... yes

──── Below are yes for 1.1.0 & later ────
checking for TLS_server_method() in openssl/ssl.h... yes
checking for SSL_CTX_set_min_proto_version(NULL, 0) in openssl/ssl.h... yes

──── Below is yes for 1.1.0 and later, but isn't documented until 3.0.0 ────
checking for SSL_CTX_set_dh_auto(NULL, 0) in openssl/ssl.h... yes

──── Below is yes for 1.1.1 & later ────
checking for SSL_CTX_set_ciphersuites(NULL, "") in openssl/ssl.h... yes

──── Below is yes for 3.0.0 & later ────
checking for SSL_get1_peer_certificate() in openssl/ssl.h... yes

creating Makefile

current directory: /Users/prudhvimaguluru/Documents/eval_rails/vendor/bundle/ruby/4.0.0/gems/puma-8.0.2/ext/puma_http11
make -j2 DESTDIR\= sitearchdir\=./.gem.20260908-7970-1muooa sitelibdir\=./.gem.20260908-7970-1muooa clean

current directory: /Users/prudhvimaguluru/Documents/eval_rails/vendor/bundle/ruby/4.0.0/gems/puma-8.0.2/ext/puma_http11
make -j2 DESTDIR\= sitearchdir\=./.gem.20260908-7970-1muooa sitelibdir\=./.gem.20260908-7970-1muooa
compiling http11_parser.c
compiling mini_ssl.c
compiling puma_http11.c
linking shared-object puma/puma_http11.bundle
ld: warning: search path '/opt/homebrew/Cellar/openssl@3/3.6.3/lib' not found

current directory: /Users/prudhvimaguluru/Documents/eval_rails/vendor/bundle/ruby/4.0.0/gems/puma-8.0.2/ext/puma_http11
make -j2 DESTDIR\= sitearchdir\=./.gem.20260908-7970-1muooa sitelibdir\=./.gem.20260908-7970-1muooa install
/usr/bin/install -c -m 0755 puma_http11.bundle ./.gem.20260908-7970-1muooa/puma

current directory: /Users/prudhvimaguluru/Documents/eval_rails/vendor/bundle/ruby/4.0.0/gems/puma-8.0.2/ext/puma_http11
make DESTDIR\= sitearchdir\=./.gem.20260908-7970-1muooa sitelibdir\=./.gem.20260908-7970-1muooa clean
