current directory: /Users/prudhvimaguluru/Documents/eval_rails/vendor/bundle/ruby/4.0.0/gems/ed25519-1.4.0/ext/ed25519_ref10
/opt/homebrew/opt/ruby/bin/ruby extconf.rb
checking for whether -Wall is accepted as CFLAGS... yes
checking for whether -O3 is accepted as CFLAGS... yes
checking for whether -pedantic is accepted as CFLAGS... no
checking for whether -std=c99 is accepted as CFLAGS... yes
creating Makefile

current directory: /Users/prudhvimaguluru/Documents/eval_rails/vendor/bundle/ruby/4.0.0/gems/ed25519-1.4.0/ext/ed25519_ref10
make DESTDIR\= sitearchdir\=./.gem.20260908-7970-gbgabs sitelibdir\=./.gem.20260908-7970-gbgabs clean

current directory: /Users/prudhvimaguluru/Documents/eval_rails/vendor/bundle/ruby/4.0.0/gems/ed25519-1.4.0/ext/ed25519_ref10
make DESTDIR\= sitearchdir\=./.gem.20260908-7970-gbgabs sitelibdir\=./.gem.20260908-7970-gbgabs
compiling ed25519_ref10.c
compiling fe.c
compiling ge.c
compiling keypair.c
compiling open.c
compiling sc_muladd.c
compiling sc_reduce.c
compiling sha512.c
compiling sign.c
compiling verify.c
linking shared-object ed25519_ref10.bundle
ld: warning: search path '/opt/homebrew/Cellar/openssl@3/3.6.3/lib' not found

current directory: /Users/prudhvimaguluru/Documents/eval_rails/vendor/bundle/ruby/4.0.0/gems/ed25519-1.4.0/ext/ed25519_ref10
make DESTDIR\= sitearchdir\=./.gem.20260908-7970-gbgabs sitelibdir\=./.gem.20260908-7970-gbgabs install
/usr/bin/install -c -m 0755 ed25519_ref10.bundle ./.gem.20260908-7970-gbgabs

current directory: /Users/prudhvimaguluru/Documents/eval_rails/vendor/bundle/ruby/4.0.0/gems/ed25519-1.4.0/ext/ed25519_ref10
make DESTDIR\= sitearchdir\=./.gem.20260908-7970-gbgabs sitelibdir\=./.gem.20260908-7970-gbgabs clean
